C:\Variados\TestesTrampos\Sistema Gestao Operadoras\Sistema de Gestao Telecom\SistemaOPFrontEnd\sistema-gestao-telecom-app\dist\out-tsc\environments\environment.js
C:\Variados\TestesTrampos\Sistema Gestao Operadoras\Sistema de Gestao Telecom\SistemaOPFrontEnd\sistema-gestao-telecom-app\dist\out-tsc\app\core\models\notificacao.model.js
C:\Variados\TestesTrampos\Sistema Gestao Operadoras\Sistema de Gestao Telecom\SistemaOPFrontEnd\sistema-gestao-telecom-app\dist\out-tsc\app\core\models\api-response.model.js
C:\Variados\TestesTrampos\Sistema Gestao Operadoras\Sistema de Gestao Telecom\SistemaOPFrontEnd\sistema-gestao-telecom-app\dist\out-tsc\app\core\services\notificacao.service.js
C:\Variados\TestesTrampos\Sistema Gestao Operadoras\Sistema de Gestao Telecom\SistemaOPFrontEnd\sistema-gestao-telecom-app\dist\out-tsc\app\app.component.js
C:\Variados\TestesTrampos\Sistema Gestao Operadoras\Sistema de Gestao Telecom\SistemaOPFrontEnd\sistema-gestao-telecom-app\dist\out-tsc\app\app.routes.js
C:\Variados\TestesTrampos\Sistema Gestao Operadoras\Sistema de Gestao Telecom\SistemaOPFrontEnd\sistema-gestao-telecom-app\dist\out-tsc\app\app.config.js
C:\Variados\TestesTrampos\Sistema Gestao Operadoras\Sistema de Gestao Telecom\SistemaOPFrontEnd\sistema-gestao-telecom-app\dist\out-tsc\app\app.routes.server.js
C:\Variados\TestesTrampos\Sistema Gestao Operadoras\Sistema de Gestao Telecom\SistemaOPFrontEnd\sistema-gestao-telecom-app\dist\out-tsc\app\app.config.server.js
C:\Variados\TestesTrampos\Sistema Gestao Operadoras\Sistema de Gestao Telecom\SistemaOPFrontEnd\sistema-gestao-telecom-app\dist\out-tsc\main.server.js
C:\Variados\TestesTrampos\Sistema Gestao Operadoras\Sistema de Gestao Telecom\SistemaOPFrontEnd\sistema-gestao-telecom-app\dist\out-tsc\main.js
C:\Variados\TestesTrampos\Sistema Gestao Operadoras\Sistema de Gestao Telecom\SistemaOPFrontEnd\sistema-gestao-telecom-app\dist\out-tsc\server.js
C:\Variados\TestesTrampos\Sistema Gestao Operadoras\Sistema de Gestao Telecom\SistemaOPFrontEnd\sistema-gestao-telecom-app\dist\out-tsc\app\shared\components\notificacoes\notificacoes.component.js
C:\Variados\TestesTrampos\Sistema Gestao Operadoras\Sistema de Gestao Telecom\SistemaOPFrontEnd\sistema-gestao-telecom-app\dist\out-tsc\app\shared\shared.module.js
C:\Variados\TestesTrampos\Sistema Gestao Operadoras\Sistema de Gestao Telecom\SistemaOPFrontEnd\sistema-gestao-telecom-app\dist\out-tsc\app\features\dashboard\services\dashboard.service.js
C:\Variados\TestesTrampos\Sistema Gestao Operadoras\Sistema de Gestao Telecom\SistemaOPFrontEnd\sistema-gestao-telecom-app\dist\out-tsc\app\features\dashboard\pages\dashboard\dashboard.component.js
C:\Variados\TestesTrampos\Sistema Gestao Operadoras\Sistema de Gestao Telecom\SistemaOPFrontEnd\sistema-gestao-telecom-app\dist\out-tsc\app\features\dashboard\dashboard.module.js
C:\Variados\TestesTrampos\Sistema Gestao Operadoras\Sistema de Gestao Telecom\SistemaOPFrontEnd\sistema-gestao-telecom-app\dist\out-tsc\app\core\models\operadora.model.js
C:\Variados\TestesTrampos\Sistema Gestao Operadoras\Sistema de Gestao Telecom\SistemaOPFrontEnd\sistema-gestao-telecom-app\dist\out-tsc\app\core\services\operadora.service.js
C:\Variados\TestesTrampos\Sistema Gestao Operadoras\Sistema de Gestao Telecom\SistemaOPFrontEnd\sistema-gestao-telecom-app\dist\out-tsc\app\features\operadoras\pages\lista-operadoras\lista-operadoras.component.js
C:\Variados\TestesTrampos\Sistema Gestao Operadoras\Sistema de Gestao Telecom\SistemaOPFrontEnd\sistema-gestao-telecom-app\dist\out-tsc\app\features\operadoras\pages\form-operadora\form-operadora.component.js
C:\Variados\TestesTrampos\Sistema Gestao Operadoras\Sistema de Gestao Telecom\SistemaOPFrontEnd\sistema-gestao-telecom-app\dist\out-tsc\app\features\operadoras\operadoras.module.js
C:\Variados\TestesTrampos\Sistema Gestao Operadoras\Sistema de Gestao Telecom\SistemaOPFrontEnd\sistema-gestao-telecom-app\dist\out-tsc\app\core\models\contrato.model.js
C:\Variados\TestesTrampos\Sistema Gestao Operadoras\Sistema de Gestao Telecom\SistemaOPFrontEnd\sistema-gestao-telecom-app\dist\out-tsc\app\core\services\contrato.service.js
C:\Variados\TestesTrampos\Sistema Gestao Operadoras\Sistema de Gestao Telecom\SistemaOPFrontEnd\sistema-gestao-telecom-app\dist\out-tsc\app\features\contratos\pages\lista-contratos\lista-contratos.component.js
C:\Variados\TestesTrampos\Sistema Gestao Operadoras\Sistema de Gestao Telecom\SistemaOPFrontEnd\sistema-gestao-telecom-app\dist\out-tsc\app\features\contratos\pages\form-contrato\form-contrato.component.js
C:\Variados\TestesTrampos\Sistema Gestao Operadoras\Sistema de Gestao Telecom\SistemaOPFrontEnd\sistema-gestao-telecom-app\dist\out-tsc\app\features\contratos\contratos.module.js
C:\Variados\TestesTrampos\Sistema Gestao Operadoras\Sistema de Gestao Telecom\SistemaOPFrontEnd\sistema-gestao-telecom-app\dist\out-tsc\app\core\models\fatura.model.js
C:\Variados\TestesTrampos\Sistema Gestao Operadoras\Sistema de Gestao Telecom\SistemaOPFrontEnd\sistema-gestao-telecom-app\dist\out-tsc\app\core\services\fatura.service.js
C:\Variados\TestesTrampos\Sistema Gestao Operadoras\Sistema de Gestao Telecom\SistemaOPFrontEnd\sistema-gestao-telecom-app\dist\out-tsc\app\features\faturas\pages\lista-faturas\lista-faturas.component.js
C:\Variados\TestesTrampos\Sistema Gestao Operadoras\Sistema de Gestao Telecom\SistemaOPFrontEnd\sistema-gestao-telecom-app\dist\out-tsc\app\features\faturas\pages\form-fatura\form-fatura.component.js
C:\Variados\TestesTrampos\Sistema Gestao Operadoras\Sistema de Gestao Telecom\SistemaOPFrontEnd\sistema-gestao-telecom-app\dist\out-tsc\app\features\faturas\faturas.module.js
C:\Variados\TestesTrampos\Sistema Gestao Operadoras\Sistema de Gestao Telecom\SistemaOPFrontEnd\sistema-gestao-telecom-app\dist\out-tsc\app\core\services\relatorio.service.js
C:\Variados\TestesTrampos\Sistema Gestao Operadoras\Sistema de Gestao Telecom\SistemaOPFrontEnd\sistema-gestao-telecom-app\dist\out-tsc\app\features\relatorios\pages\relatorios-custos\relatorios-custos.component.js
C:\Variados\TestesTrampos\Sistema Gestao Operadoras\Sistema de Gestao Telecom\SistemaOPFrontEnd\sistema-gestao-telecom-app\dist\out-tsc\app\features\relatorios\pages\relatorios-vencimentos\relatorios-vencimentos.component.js
C:\Variados\TestesTrampos\Sistema Gestao Operadoras\Sistema de Gestao Telecom\SistemaOPFrontEnd\sistema-gestao-telecom-app\dist\out-tsc\app\features\relatorios\pages\relatorios-comparativo\relatorios-comparativo.component.js
C:\Variados\TestesTrampos\Sistema Gestao Operadoras\Sistema de Gestao Telecom\SistemaOPFrontEnd\sistema-gestao-telecom-app\dist\out-tsc\app\features\relatorios\relatorios-routing.module.js
C:\Variados\TestesTrampos\Sistema Gestao Operadoras\Sistema de Gestao Telecom\SistemaOPFrontEnd\sistema-gestao-telecom-app\dist\out-tsc\app\features\relatorios\relatorios.module.js
C:\Variados\TestesTrampos\Sistema Gestao Operadoras\Sistema de Gestao Telecom\SistemaOPFrontEnd\sistema-gestao-telecom-app\dist\out-tsc\app\app-routing.module.js
C:\Variados\TestesTrampos\Sistema Gestao Operadoras\Sistema de Gestao Telecom\SistemaOPFrontEnd\sistema-gestao-telecom-app\dist\out-tsc\app\app.component.spec.js
C:\Variados\TestesTrampos\Sistema Gestao Operadoras\Sistema de Gestao Telecom\SistemaOPFrontEnd\sistema-gestao-telecom-app\dist\out-tsc\app\app.module.js
C:\Variados\TestesTrampos\Sistema Gestao Operadoras\Sistema de Gestao Telecom\SistemaOPFrontEnd\sistema-gestao-telecom-app\dist\out-tsc\app\core\interceptors\error.interceptor.js
C:\Variados\TestesTrampos\Sistema Gestao Operadoras\Sistema de Gestao Telecom\SistemaOPFrontEnd\sistema-gestao-telecom-app\dist\out-tsc\app\core\core.module.js
C:\Variados\TestesTrampos\Sistema Gestao Operadoras\Sistema de Gestao Telecom\SistemaOPFrontEnd\sistema-gestao-telecom-app\dist\out-tsc\app\core\models\environment.model.js
C:\Variados\TestesTrampos\Sistema Gestao Operadoras\Sistema de Gestao Telecom\SistemaOPFrontEnd\sistema-gestao-telecom-app\dist\out-tsc\app\core\services\base.service.js
C:\Variados\TestesTrampos\Sistema Gestao Operadoras\Sistema de Gestao Telecom\SistemaOPFrontEnd\sistema-gestao-telecom-app\dist\out-tsc\environments\environment.prod.js
